  Main.cpp
D:\OUTSOURCE\CHK34\Advanced DB\CSDLNC-CHK34-SHOPEE\ShopeeService\Lib\crow\include\crow\http_parser_merged.h(587,32): warning C4244: '=': conversion from '__int64' to 'unsigned long', possible loss of data
D:\OUTSOURCE\CHK34\Advanced DB\CSDLNC-CHK34-SHOPEE\ShopeeService\Lib\crow\include\crow\http_parser_merged.h(607,32): warning C4244: '=': conversion from '__int64' to 'unsigned long', possible loss of data
  Please define _WIN32_WINNT or _WIN32_WINDOWS appropriately. For example:
  - add -D_WIN32_WINNT=0x0601 to the compiler command line; or
  - add _WIN32_WINNT=0x0601 to your project's Preprocessor Definitions.
  Assuming _WIN32_WINNT=0x0601 (i.e. Windows 7 target).
D:\OUTSOURCE\CHK34\Advanced DB\CSDLNC-CHK34-SHOPEE\ShopeeService\Lib\crow\include\crow\json.h(1267,39): warning C4267: 'argument': conversion from 'size_t' to 'uint32_t', possible loss of data
D:\OUTSOURCE\CHK34\Advanced DB\CSDLNC-CHK34-SHOPEE\ShopeeService\Lib\crow\include\crow\json.h(1749,1): warning C4267: 'return': conversion from 'size_t' to 'int', possible loss of data
D:\OUTSOURCE\CHK34\Advanced DB\CSDLNC-CHK34-SHOPEE\ShopeeService\Lib\crow\include\crow\mustache.h(180,1): warning C4267: 'initializing': conversion from 'size_t' to 'int', possible loss of data
D:\OUTSOURCE\CHK34\Advanced DB\CSDLNC-CHK34-SHOPEE\ShopeeService\Lib\crow\include\crow\mustache.h(199,1): warning C4267: '=': conversion from 'size_t' to 'int', possible loss of data
D:\OUTSOURCE\CHK34\Advanced DB\CSDLNC-CHK34-SHOPEE\ShopeeService\Lib\crow\include\crow\mustache.h(201,1): warning C4267: 'argument': conversion from 'size_t' to '_Ty', possible loss of data
          with
          [
              _Ty=int
          ]
D:\OUTSOURCE\CHK34\Advanced DB\CSDLNC-CHK34-SHOPEE\ShopeeService\Lib\crow\include\crow\mustache.h(302,1): warning C4267: 'argument': conversion from 'size_t' to 'int', possible loss of data
D:\OUTSOURCE\CHK34\Advanced DB\CSDLNC-CHK34-SHOPEE\ShopeeService\Lib\crow\include\crow\mustache.h(450,1): warning C4267: 'argument': conversion from 'size_t' to 'int', possible loss of data
D:\OUTSOURCE\CHK34\Advanced DB\CSDLNC-CHK34-SHOPEE\ShopeeService\Lib\crow\include\crow\mustache.h(461,1): warning C4267: 'argument': conversion from 'size_t' to 'int', possible loss of data
D:\OUTSOURCE\CHK34\Advanced DB\CSDLNC-CHK34-SHOPEE\ShopeeService\Lib\crow\include\crow\mustache.h(479,1): warning C4267: 'argument': conversion from 'size_t' to 'int', possible loss of data
D:\OUTSOURCE\CHK34\Advanced DB\CSDLNC-CHK34-SHOPEE\ShopeeService\Lib\crow\include\crow\mustache.h(490,1): warning C4267: 'argument': conversion from 'size_t' to 'int', possible loss of data
D:\OUTSOURCE\CHK34\Advanced DB\CSDLNC-CHK34-SHOPEE\ShopeeService\Lib\crow\include\crow\routing.h(782,74): warning C4566: character represented by universal-character-name '\u2514' cannot be represented in the current code page (1252)
D:\OUTSOURCE\CHK34\Advanced DB\CSDLNC-CHK34-SHOPEE\ShopeeService\Lib\crow\include\crow\routing.h(782,74): warning C4566: character represented by universal-character-name '\u279D' cannot be represented in the current code page (1252)
D:\OUTSOURCE\CHK34\Advanced DB\CSDLNC-CHK34-SHOPEE\ShopeeService\Lib\crow\include\crow\routing.h(786,74): warning C4566: character represented by universal-character-name '\u2514' cannot be represented in the current code page (1252)
D:\OUTSOURCE\CHK34\Advanced DB\CSDLNC-CHK34-SHOPEE\ShopeeService\Lib\crow\include\crow\routing.h(786,74): warning C4566: character represented by universal-character-name '\u279D' cannot be represented in the current code page (1252)
D:\OUTSOURCE\CHK34\Advanced DB\CSDLNC-CHK34-SHOPEE\ShopeeService\Lib\crow\include\crow\routing.h(790,74): warning C4566: character represented by universal-character-name '\u2514' cannot be represented in the current code page (1252)
D:\OUTSOURCE\CHK34\Advanced DB\CSDLNC-CHK34-SHOPEE\ShopeeService\Lib\crow\include\crow\routing.h(790,74): warning C4566: character represented by universal-character-name '\u279D' cannot be represented in the current code page (1252)
D:\OUTSOURCE\CHK34\Advanced DB\CSDLNC-CHK34-SHOPEE\ShopeeService\Lib\crow\include\crow\routing.h(794,74): warning C4566: character represented by universal-character-name '\u2514' cannot be represented in the current code page (1252)
D:\OUTSOURCE\CHK34\Advanced DB\CSDLNC-CHK34-SHOPEE\ShopeeService\Lib\crow\include\crow\routing.h(794,74): warning C4566: character represented by universal-character-name '\u279D' cannot be represented in the current code page (1252)
D:\OUTSOURCE\CHK34\Advanced DB\CSDLNC-CHK34-SHOPEE\ShopeeService\Lib\crow\include\crow\routing.h(798,74): warning C4566: character represented by universal-character-name '\u2514' cannot be represented in the current code page (1252)
D:\OUTSOURCE\CHK34\Advanced DB\CSDLNC-CHK34-SHOPEE\ShopeeService\Lib\crow\include\crow\routing.h(798,74): warning C4566: character represented by universal-character-name '\u279D' cannot be represented in the current code page (1252)
D:\OUTSOURCE\CHK34\Advanced DB\CSDLNC-CHK34-SHOPEE\ShopeeService\Lib\crow\include\crow\routing.h(802,74): warning C4566: character represented by universal-character-name '\u2514' cannot be represented in the current code page (1252)
D:\OUTSOURCE\CHK34\Advanced DB\CSDLNC-CHK34-SHOPEE\ShopeeService\Lib\crow\include\crow\routing.h(802,74): warning C4566: character represented by universal-character-name '\u279D' cannot be represented in the current code page (1252)
D:\OUTSOURCE\CHK34\Advanced DB\CSDLNC-CHK34-SHOPEE\ShopeeService\Lib\crow\include\crow\routing.h(808,66): warning C4566: character represented by universal-character-name '\u2514' cannot be represented in the current code page (1252)
D:\OUTSOURCE\CHK34\Advanced DB\CSDLNC-CHK34-SHOPEE\ShopeeService\Lib\crow\include\crow\routing.h(808,66): warning C4566: character represented by universal-character-name '\u279D' cannot be represented in the current code page (1252)
D:\OUTSOURCE\CHK34\Advanced DB\CSDLNC-CHK34-SHOPEE\ShopeeService\Lib\crow\include\crow\routing.h(819,31): warning C4566: character represented by universal-character-name '\u2514' cannot be represented in the current code page (1252)
D:\OUTSOURCE\CHK34\Advanced DB\CSDLNC-CHK34-SHOPEE\ShopeeService\Lib\crow\include\crow\routing.h(819,31): warning C4566: character represented by universal-character-name '\u2799' cannot be represented in the current code page (1252)
D:\OUTSOURCE\CHK34\Advanced DB\CSDLNC-CHK34-SHOPEE\ShopeeService\Lib\crow\include\crow\routing.h(882,70): warning C4244: 'argument': conversion from '__int64' to 'unsigned int', possible loss of data
D:\OUTSOURCE\CHK34\Advanced DB\CSDLNC-CHK34-SHOPEE\ShopeeService\Lib\crow\include\crow\routing.h(903,70): warning C4244: 'argument': conversion from '__int64' to 'unsigned int', possible loss of data
D:\OUTSOURCE\CHK34\Advanced DB\CSDLNC-CHK34-SHOPEE\ShopeeService\Lib\crow\include\crow\routing.h(924,70): warning C4244: 'argument': conversion from '__int64' to 'unsigned int', possible loss of data
D:\OUTSOURCE\CHK34\Advanced DB\CSDLNC-CHK34-SHOPEE\ShopeeService\Lib\crow\include\crow\routing.h(946,1): warning C4267: 'argument': conversion from 'size_t' to 'unsigned int', possible loss of data
D:\OUTSOURCE\CHK34\Advanced DB\CSDLNC-CHK34-SHOPEE\ShopeeService\Lib\crow\include\crow\routing.h(962,1): warning C4267: 'argument': conversion from 'size_t' to 'unsigned int', possible loss of data
D:\OUTSOURCE\CHK34\Advanced DB\CSDLNC-CHK34-SHOPEE\ShopeeService\Lib\crow\include\crow\routing.h(977,1): warning C4267: 'argument': conversion from 'size_t' to 'unsigned int', possible loss of data
D:\OUTSOURCE\CHK34\Advanced DB\CSDLNC-CHK34-SHOPEE\ShopeeService\Lib\crow\include\crow\routing.h(1032,53): warning C4267: '+=': conversion from 'size_t' to 'unsigned int', possible loss of data
D:\OUTSOURCE\CHK34\Advanced DB\CSDLNC-CHK34-SHOPEE\ShopeeService\Lib\crow\include\crow\routing.h(1043,45): warning C4267: '+=': conversion from 'size_t' to 'unsigned int', possible loss of data
D:\OUTSOURCE\CHK34\Advanced DB\CSDLNC-CHK34-SHOPEE\ShopeeService\Lib\crow\include\crow\routing.h(1304,1): warning C4267: 'argument': conversion from 'size_t' to 'unsigned int', possible loss of data
D:\OUTSOURCE\CHK34\Advanced DB\CSDLNC-CHK34-SHOPEE\ShopeeService\Lib\crow\include\crow\routing.h(1304,1): warning C4267: 'argument': conversion from 'size_t' to 'uint16_t', possible loss of data
D:\OUTSOURCE\CHK34\Advanced DB\CSDLNC-CHK34-SHOPEE\ShopeeService\Lib\crow\include\crow\routing.h(1363,1): warning C4267: 'argument': conversion from 'size_t' to 'unsigned int', possible loss of data
D:\OUTSOURCE\CHK34\Advanced DB\CSDLNC-CHK34-SHOPEE\ShopeeService\Lib\crow\include\crow\routing.h(1508,1): warning C4267: 'initializing': conversion from 'size_t' to 'int', possible loss of data
D:\OUTSOURCE\CHK34\Advanced DB\CSDLNC-CHK34-SHOPEE\ShopeeService\Lib\crow\include\crow\http_server.h(227,1): warning C4267: '=': conversion from 'size_t' to 'uint16_t', possible loss of data
D:\OUTSOURCE\CHK34\Advanced DB\CSDLNC-CHK34-SHOPEE\ShopeeService\Lib\crow\include\crow\http_server.h(227): message : while compiling class template member function 'uint16_t crow::Server<crow::Crow<>,crow::SocketAdaptor>::pick_io_context_idx(void)'
D:\OUTSOURCE\CHK34\Advanced DB\CSDLNC-CHK34-SHOPEE\ShopeeService\Lib\crow\include\crow\http_server.h(246): message : see reference to function template instantiation 'uint16_t crow::Server<crow::Crow<>,crow::SocketAdaptor>::pick_io_context_idx(void)' being compiled
D:\OUTSOURCE\CHK34\Advanced DB\CSDLNC-CHK34-SHOPEE\ShopeeService\Lib\crow\include\crow\app.h(534): message : see reference to class template instantiation 'crow::Server<crow::Crow<>,crow::SocketAdaptor>' being compiled
D:\OUTSOURCE\CHK34\Advanced DB\CSDLNC-CHK34-SHOPEE\ShopeeService\Lib\crow\include\crow\app.h(502): message : while compiling class template member function 'void crow::Crow<>::run(void)'
D:\OUTSOURCE\CHK34\Advanced DB\CSDLNC-CHK34-SHOPEE\ShopeeService\Main.cpp(10): message : see reference to function template instantiation 'void crow::Crow<>::run(void)' being compiled
D:\OUTSOURCE\CHK34\Advanced DB\CSDLNC-CHK34-SHOPEE\ShopeeService\Main.cpp(4): message : see reference to class template instantiation 'crow::Crow<>' being compiled
D:\OUTSOURCE\CHK34\Advanced DB\CSDLNC-CHK34-SHOPEE\ShopeeService\Lib\crow\include\crow\http_connection.h(471,1): warning C4267: 'argument': conversion from 'size_t' to 'int', possible loss of data
D:\OUTSOURCE\CHK34\Advanced DB\CSDLNC-CHK34-SHOPEE\ShopeeService\Lib\crow\include\crow\http_connection.h(471): message : while compiling class template member function 'void crow::Connection<Adaptor,Handler>::do_read(void)'
          with
          [
              Adaptor=crow::SocketAdaptor,
              Handler=crow::Crow<>
          ]
D:\OUTSOURCE\CHK34\Advanced DB\CSDLNC-CHK34-SHOPEE\ShopeeService\Lib\crow\include\crow\http_connection.h(101): message : see reference to function template instantiation 'void crow::Connection<Adaptor,Handler>::do_read(void)' being compiled
          with
          [
              Adaptor=crow::SocketAdaptor,
              Handler=crow::Crow<>
          ]
D:\OUTSOURCE\CHK34\Advanced DB\CSDLNC-CHK34-SHOPEE\ShopeeService\Lib\crow\include\crow\http_server.h(243): message : see reference to class template instantiation 'crow::Connection<Adaptor,Handler>' being compiled
          with
          [
              Adaptor=crow::SocketAdaptor,
              Handler=crow::Crow<>
          ]
D:\OUTSOURCE\CHK34\Advanced DB\CSDLNC-CHK34-SHOPEE\ShopeeService\Lib\crow\include\crow\http_server.h(243): message : while compiling class template member function 'void crow::Server<crow::Crow<>,crow::SocketAdaptor>::do_accept(void)'
D:\OUTSOURCE\CHK34\Advanced DB\CSDLNC-CHK34-SHOPEE\ShopeeService\Lib\crow\include\crow\http_server.h(173): message : see reference to function template instantiation 'void crow::Server<crow::Crow<>,crow::SocketAdaptor>::do_accept(void)' being compiled
D:\OUTSOURCE\CHK34\Advanced DB\CSDLNC-CHK34-SHOPEE\ShopeeService\Lib\crow\include\crow\parser.h(127,1): warning C4267: 'initializing': conversion from 'size_t' to 'int', possible loss of data
D:\OUTSOURCE\CHK34\Advanced DB\CSDLNC-CHK34-SHOPEE\ShopeeService\Lib\crow\include\crow\parser.h(112): message : while compiling class template member function 'bool crow::HTTPParser<crow::Connection<Adaptor,Handler>>::feed(const char *,int)'
          with
          [
              Adaptor=crow::SocketAdaptor,
              Handler=crow::Crow<>
          ]
D:\OUTSOURCE\CHK34\Advanced DB\CSDLNC-CHK34-SHOPEE\ShopeeService\Lib\crow\include\crow\http_connection.h(479): message : see reference to function template instantiation 'bool crow::HTTPParser<crow::Connection<Adaptor,Handler>>::feed(const char *,int)' being compiled
          with
          [
              Adaptor=crow::SocketAdaptor,
              Handler=crow::Crow<>
          ]
D:\OUTSOURCE\CHK34\Advanced DB\CSDLNC-CHK34-SHOPEE\ShopeeService\Lib\crow\include\crow\http_connection.h(597): message : see reference to class template instantiation 'crow::HTTPParser<crow::Connection<Adaptor,Handler>>' being compiled
          with
          [
              Adaptor=crow::SocketAdaptor,
              Handler=crow::Crow<>
          ]
  ShopeeService.vcxproj -> D:\OUTSOURCE\CHK34\Advanced DB\CSDLNC-CHK34-SHOPEE\ShopeeService\x64\Debug\ShopeeService.exe
  D:\OUTSOURCE\CHK34\Advanced DB\CSDLNC-CHK34-SHOPEE\ShopeeService\Lib\drogon\debug\bin\brotlicommon.dll
  D:\OUTSOURCE\CHK34\Advanced DB\CSDLNC-CHK34-SHOPEE\ShopeeService\Lib\drogon\debug\bin\brotlidec.dll
  D:\OUTSOURCE\CHK34\Advanced DB\CSDLNC-CHK34-SHOPEE\ShopeeService\Lib\drogon\debug\bin\brotlienc.dll
  D:\OUTSOURCE\CHK34\Advanced DB\CSDLNC-CHK34-SHOPEE\ShopeeService\Lib\drogon\debug\bin\cares.dll
  D:\OUTSOURCE\CHK34\Advanced DB\CSDLNC-CHK34-SHOPEE\ShopeeService\Lib\drogon\debug\bin\drogon.dll
  D:\OUTSOURCE\CHK34\Advanced DB\CSDLNC-CHK34-SHOPEE\ShopeeService\Lib\drogon\debug\bin\jsoncpp.dll
  D:\OUTSOURCE\CHK34\Advanced DB\CSDLNC-CHK34-SHOPEE\ShopeeService\Lib\drogon\debug\bin\legacy.dll
  D:\OUTSOURCE\CHK34\Advanced DB\CSDLNC-CHK34-SHOPEE\ShopeeService\Lib\drogon\debug\bin\libcrypto-3-x64.dll
  D:\OUTSOURCE\CHK34\Advanced DB\CSDLNC-CHK34-SHOPEE\ShopeeService\Lib\drogon\debug\bin\libssl-3-x64.dll
  D:\OUTSOURCE\CHK34\Advanced DB\CSDLNC-CHK34-SHOPEE\ShopeeService\Lib\drogon\debug\bin\trantor.dll
  D:\OUTSOURCE\CHK34\Advanced DB\CSDLNC-CHK34-SHOPEE\ShopeeService\Lib\drogon\debug\bin\zlibd1.dll
  11 File(s) copied
